Q11432215	KANA	おおいじんじゃ
Q136625982	KANA	しらいわじんじゃ
Q136845921	KANA	おづじんじゃ
Q137675136	KANA	はたきじんじゃ
Q137690881	KANA	なかやまじんじゃ
Q140476123	KANA	すぎやまじんじゃ
Q140962719	KANA	しゃくじいじんじゃ
Q111024168	GUESS	すいじんじゃ
Q134596954	GUESS	すいじんじゃ
Q134886305	GUESS	おおとりじんじゃ
Q140478056	KANA	はちまんおおかみ
Q21655265	KANA	さんのみやじんじゃ
Q134596555	GUESS	やまじんじゃ
Q131275531	KANA	あがつまじんじゃ
Q134595721	GUESS	おおみやじんじゃ
Q137682543	KANA	はらちじんじゃ
Q11659061	KANA	おきつしまじんじゃ
Q11450228	KANA	やすいじんじゃ
Q134956907	NO_KANA	no lead available; both candidates plausible (山 as yama vs san); cannot choose
Q135039497	NO_KANA	no lead available; both candidates plausible (木 as -ki vs -gi); cannot choose
Q135041048	NO_KANA	no lead available; both candidates plausible (鳥屋 as toriya-no vs toya); cannot choose
Q134957514	GUESS	やまじんじゃ
Q134989135	GUESS	いそのかみじんじゃ
Q135070293	GUESS	いかじんじゃ
Q135425737	KANA	すずめじんじゃ
Q134886460	GUESS	おおとりじんじゃ
Q134886734	KANA	しらひげじんじゃ
Q135155746	GUESS	いかずちじんじゃ
Q132745984	KANA	ちっぷじんじゃ
Q134596979	NO_KANA	no lead available, cannot choose between candidates without additional evidence
Q135039885	NO_KANA	no lead available, cannot choose between candidates without additional evidence
Q135153790	NO_KANA	no lead available, cannot choose between candidates without additional evidence
