querying the Q10898274 (別表神社) set via P13723...
331 Beppyo shrines with a jawiki article and no P612 (largest first: 厳島神社, 明治神宮, 出雲大社, 平安神宮, 賀茂別雷神社)
downloading 271 jawiki articles...
  articles 10/271
  articles 20/271
  articles 30/271
  articles 40/271
  articles 50/271
  articles 60/271
  articles 70/271
  articles 80/271
  articles 90/271
  articles 100/271
  articles 110/271
  articles 120/271
  articles 130/271
  articles 140/271
  articles 150/271
  articles 160/271
  articles 170/271
  articles 180/271
  articles 190/271
  articles 200/271
  articles 210/271
  articles 220/271
  articles 230/271
  articles 240/271
  articles 250/271
  articles 260/271
  articles 270/271
  articles 271/271

270 work-files -> C:\Users\Emma\Documents\GitHub\shintowiki-scripts\beppyo_p612
1 had no article extract — skipped, retried next run:
  Q140190511  赤穂大石神社
