17
error
!
CREATE
Item
en:Category:19th-century Kokugaku scholars
instance of [P31]
:
Wikimedia category [Q4167836]
jawiki:Category:19世紀のKokugakuist
23
error
!
CREATE
Item
en:Category:20th-century Asian female royalty
instance of [P31]
:
Wikimedia category [Q4167836]
jawiki:Category:20世紀アジアの女性王族
24
error
!
CREATE
Item
en:Category:20th-century Asian royalty
instance of [P31]
:
Wikimedia category [Q4167836]
jawiki:Category:20世紀アジアの王族
25
error
!
CREATE
Item
en:Category:20th-century Japanese women (by occupation)
instance of [P31]
:
Wikimedia category [Q4167836]
jawiki:Category:20世紀日本の女性 (職業別)
28
error
!
CREATE
Item
en:Category:21st-century Asian female royalty
instance of [P31]
:
Wikimedia category [Q4167836]
jawiki:Category:21世紀アジアの女性王族
29
error
!
CREATE
Item
en:Category:21st-century Asian royalty
instance of [P31]
:
Wikimedia category [Q4167836]
jawiki:Category:21世紀アジアの王族
30
error
!
CREATE
Item
en:Category:21st-century Japanese women (by occupation)
instance of [P31]
:
Wikimedia category [Q4167836]
jawiki:Category:21世紀日本の女性 (職業別)
32
error
!
CREATE
Item
en:Category:6th-century Asian female royalty
instance of [P31]
:
Wikimedia category [Q4167836]
jawiki:Category:6世紀アジアの女性王族
33
error
!
CREATE
Item
en:Category:6th-century Asian royalty
instance of [P31]
:
Wikimedia category [Q4167836]
jawiki:Category:6世紀アジアの王族
34
error
!
CREATE
Item
en:Category:6th-century Japanese women (by occupation)
instance of [P31]
:
Wikimedia category [Q4167836]
jawiki:Category:6世紀日本の女性 (職業別)
35
error
!
CREATE
Item
en:Category:7th Century Asian Military Personnel
instance of [P31]
:
Wikimedia category [Q4167836]
jawiki:Category:7世紀アジアの軍人
36
error
!
CREATE
Item
en:Category:7th Century Education in Japan
instance of [P31]
:
Wikimedia category [Q4167836]
jawiki:Category:7世紀日本の教育
37
error
!
CREATE
Item
en:Category:7th-century Asian female royalty
instance of [P31]
:
Wikimedia category [Q4167836]
jawiki:Category:7世紀アジアの女性王族
38
error
!
CREATE
Item
en:Category:7th-century Asian royalty
instance of [P31]
:
Wikimedia category [Q4167836]
jawiki:Category:7世紀アジアの王族
39
error
!
CREATE
Item
en:Category:7th-century Japanese women (by occupation)
instance of [P31]
:
Wikimedia category [Q4167836]
jawiki:Category:7世紀日本の女性 (職業別)
40
error
!
CREATE
Item
en:Category:8th Century Education in Japan
instance of [P31]
:
Wikimedia category [Q4167836]
jawiki:Category:8世紀日本の教育
41
error
!
CREATE
Item
en:Category:8th-century Asian female royalty
instance of [P31]
:
Wikimedia category [Q4167836]
jawiki:Category:8世紀アジアの女性王族
42
error
!
CREATE
Item
en:Category:8th-century Asian royalty
instance of [P31]
:
Wikimedia category [Q4167836]
jawiki:Category:8世紀アジアの王族
43
error
!
CREATE
Item
en:Category:8th-century Japanese women (by occupation)
instance of [P31]
:
Wikimedia category [Q4167836]
jawiki:Category:8世紀日本の女性 (職業別)
44
error
!
CREATE
Item
en:Category:9th Century Education in Japan
instance of [P31]
:
Wikimedia category [Q4167836]
jawiki:Category:9世紀日本の教育
45
error
!
CREATE
Item
en:Category:9th-century Asian royalty
instance of [P31]
:
Wikimedia category [Q4167836]
jawiki:Category:9世紀アジアの王族
46
error
!
CREATE
Item
en:Category:9th-century Japanese physicians
instance of [P31]
:
Wikimedia category [Q4167836]
jawiki:Category:9世紀日本の医師
47
error
!
CREATE
Item
en:Category:Administrative Agencies in Toyama Prefecture
instance of [P31]
:
Wikimedia category [Q4167836]
jawiki:Category:富山県の行政機関
48
error
!
CREATE
Item
en:Category:Afterlife in Buddhism
instance of [P31]
:
Wikimedia category [Q4167836]
jawiki:Category:仏教における死後
49
error
!
CREATE
Item
en:Category:Aides-de-Camp to the Emperor
instance of [P31]
:
Wikimedia category [Q4167836]
jawiki:Category:侍従武官
50
error
!
CREATE
Item
en:Category:Airborne units of the Japan Ground Self-Defense Force
instance of [P31]
:
Wikimedia category [Q4167836]
jawiki:Category:陸上自衛隊の空挺部隊
51
error
!
CREATE
Item
en:Category:Ame candy
instance of [P31]
:
Wikimedia category [Q4167836]
jawiki:Category:飴
52
error
!
CREATE
Item
en:Category:Après-guerre crime
instance of [P31]
:
Wikimedia category [Q4167836]
jawiki:Category:アプレゲール犯罪
53
error
!
CREATE
Item
en:Category:Archaeological sites in Yokohama
instance of [P31]
:
Wikimedia category [Q4167836]
jawiki:Category:横浜市の考古遺跡
54
error
!
CREATE
Item
en:Category:Archaeological sites on the Kokubunji Cliff
instance of [P31]
:
Wikimedia category [Q4167836]
jawiki:Category:国分寺崖線の考古遺跡