Q712162	AUTOCHTHONOUS	Q135508874	久能山東照宮 ← in-situ founding
Q11370831	TRANSFER	Q715632	亀山八幡宮 (下関市) ← 宇佐神宮
Q11370833	TRANSFER	Q715632	亀山八幡宮 (佐世保市) ← 宇佐神宮
Q11370879	TRANSFER	Q715632	亀山神社 (呉市清水) ← 宇佐神宮
Q64969614	AUTOCHTHONOUS	Q135508874	二見興玉神社 ← in-situ founding
Q11372582	TRANSFER	Q714559	五社神社・諏訪神社 ← 春日大社
Q11373321	AUTOCHTHONOUS	Q135508874	井伊谷宮 ← in-situ founding
Q11373756	NETWORK	Q261637	井草八幡宮 ← 八幡神
Q3201026	AUTOCHTHONOUS	Q135508874	京都霊山護国神社 ← in-situ founding
Q11376859	TRANSFER	Q692714	今宮戎神社 ← 八坂神社
Q3155136	AUTOCHTHONOUS	Q135508874	伊佐須美神社 ← in-situ founding
Q11378990	TRANSFER	Q687168	伊勢山皇大神宮 ← 伊勢神宮
Q11383096	TRANSFER	Q135508874	佐嘉神社 ← Emma, 分霊 page
Q3461072	AUTOCHTHONOUS	Q135508874	佐太神社 ← in-situ founding
Q11384878	AUTOCHTHONOUS	Q135508874	佐賀縣護國神社 ← in-situ founding
Q245734	AUTOCHTHONOUS	Q135508874	倭文神社 (湯梨浜町) ← in-situ founding
Q11387373	AUTOCHTHONOUS	Q135508874	備後護国神社 ← in-situ founding
Q11388585	AUTOCHTHONOUS	Q135508874	光雲神社 ← in-situ founding
Q11390512	AUTOCHTHONOUS	Q135508874	八代宮 ← in-situ founding
Q692714	AUTOCHTHONOUS	Q135508874	八坂神社 ← in-situ founding
Q11391001	TRANSFER	Q701403	八幡朝見神社 ← 鶴岡八幡宮
Q112152942	AUTOCHTHONOUS	Q135508874	八槻都々古別神社 ← in-situ founding
Q3571285	TRANSFER	Q11664579	八重垣神社 ← 須我神社
Q11393652	AUTOCHTHONOUS	Q135508874	兵庫縣姫路護國神社 ← in-situ founding
Q11433004	AUTOCHTHONOUS	Q135508874	大分縣護國神社 ← in-situ founding
Q3594020	TRANSFER	Q714559	大原野神社 ← 春日大社
Q245731	AUTOCHTHONOUS	Q135508874	大和神社 ← in-situ founding
Q611678	AUTOCHTHONOUS	Q135508874	大國魂神社 ← in-situ founding
Q10934922	TRANSFER	Q710098	大宮八幡宮 (杉並区) ← 石清水八幡宮
Q11434509	AUTOCHTHONOUS	Q135508874	大富神社 ← in-situ founding
Q703904	AUTOCHTHONOUS	Q135508874	大山祇神社 ← in-situ founding
Q11434713	AUTOCHTHONOUS	Q135508874	大山阿夫利神社 ← in-situ founding
Q11435950	TRANSFER	Q705542	大杉神社 ← 大神神社
Q11437230	AUTOCHTHONOUS	Q135508874	大洗磯前神社 ← in-situ founding
Q11438245	AUTOCHTHONOUS	Q135508874	大石神社 ← in-situ founding
Q251160	AUTOCHTHONOUS	Q135508874	大神山神社 ← in-situ founding
Q245834	AUTOCHTHONOUS	Q135508874	名和神社 ← in-situ founding
Q11418237	AUTOCHTHONOUS	Q135508874	和霊神社 ← in-situ founding
Q11418605	AUTOCHTHONOUS	Q135508874	唐沢山神社 ← in-situ founding
Q11420029	AUTOCHTHONOUS	Q135508874	四柱神社 ← in-situ founding
Q10925104	AUTOCHTHONOUS	Q135508874	四條畷神社 ← in-situ founding
Q704890	TRANSFER	Q11675401	土佐神社 ← 鳴無神社
Q11425667	NETWORK	Q11453221	坐摩神社 ← Emma, 分霊 page
Q11428033	AUTOCHTHONOUS	Q135508874	報徳二宮神社 (小田原市) ← in-situ founding
Q116140	AUTOCHTHONOUS	Q135508874	多度大社 ← in-situ founding
Q3513683	AUTOCHTHONOUS	Q135508874	多田神社 ← in-situ founding
Q402091	AUTOCHTHONOUS	Q135508874	多賀大社 ← in-situ founding
Q11432216	AUTOCHTHONOUS	Q135508874	大井神社 (島田市) ← in-situ founding
Q11379183	AUTOCHTHONOUS	Q135508874	伊古奈比咩命神社 ← in-situ founding
Q65320	AUTOCHTHONOUS	Q135508874	伊和神社 ← in-situ founding
Q11379271	AUTOCHTHONOUS	Q135508874	伊太祁曽神社 ← in-situ founding
Q701414	AUTOCHTHONOUS	Q135508874	伊奈波神社 ← in-situ founding
Q10884977	AUTOCHTHONOUS	Q135508874	伊弉諾神宮 ← in-situ founding
Q11379396	TRANSFER	Q687168	伊曽乃神社 ← 伊勢神宮
Q11380620	AUTOCHTHONOUS	Q135508874	伊豫豆比古命神社 ← in-situ founding
Q705949	AUTOCHTHONOUS	Q135508874	住吉大社 ← in-situ founding
Q11381858	AUTOCHTHONOUS	Q135508874	住吉神社 (下関市) ← in-situ founding
Q11381863	AUTOCHTHONOUS	Q135508874	住吉神社 (壱岐市) ← in-situ founding
Q11381867	NETWORK	Q1114013	住吉神社 (小樽市) ← 住吉神
Q29682	AUTOCHTHONOUS	Q135508874	住吉神社 (福岡市) ← in-situ founding
Q11393653	AUTOCHTHONOUS	Q135508874	兵庫縣神戸護國神社 ← in-situ founding
Q11459659	NETWORK	Q653180	冨士山下宮小室浅間神社 ← inferred head: 富士山本宮浅間大社
Q11395081	AUTOCHTHONOUS	Q135508874	冨士御室浅間神社 ← in-situ founding
Q3156511	AUTOCHTHONOUS	Q135508874	出石神社 ← in-situ founding
Q11395802	AUTOCHTHONOUS	Q135508874	出羽神社 ← in-situ founding
Q696362	AUTOCHTHONOUS	Q135508874	出雲大社 ← in-situ founding
Q11395952	NETWORK	Q261637	函館八幡宮 ← 八幡神
Q11398386	TRANSFER	Q135508874	劔神社 ← Emma, 分霊 page
Q11401286	TRANSFER	Q11395081	北口本宮冨士浅間神社 ← 冨士御室浅間神社
Q710826	TRANSFER	Q2264720	北海道神宮 ← 神祇官
Q11403863	AUTOCHTHONOUS	Q135508874	北畠神社 ← in-situ founding
Q11403959	AUTOCHTHONOUS	Q135508874	北舘神社 ← in-situ founding
Q705542	AUTOCHTHONOUS	Q135508874	大神神社 ← in-situ founding
Q135732	AUTOCHTHONOUS	Q135508874	大縣神社 ← in-situ founding
Q11439679	AUTOCHTHONOUS	Q135508874	大野湊神社 ← in-situ founding
Q385793	AUTOCHTHONOUS	Q135508874	大阪天満宮 ← in-situ founding
Q11441628	AUTOCHTHONOUS	Q135508874	大阪護國神社 ← in-situ founding
Q705151	AUTOCHTHONOUS	Q135508874	大鳥大社 ← in-situ founding
Q723417	AUTOCHTHONOUS	Q135508874	大麻比古神社 ← in-situ founding
Q2841102	AUTOCHTHONOUS	Q135508874	天岩戸神社 ← in-situ founding
Q11443949	AUTOCHTHONOUS	Q135508874	太平山三吉神社 ← in-situ founding
Q11444477	TRANSFER	Q714828	太皷谷稲成神社 ← 伏見稲荷大社
Q11445249	AUTOCHTHONOUS	Q135508874	奈良県護国神社 ← in-situ founding
Q715632	TRANSFER	Q11432652	宇佐神宮 ← 大分八幡宮
Q662176	AUTOCHTHONOUS	Q135508874	北野天満宮 ← in-situ founding
Q11405077	AUTOCHTHONOUS	Q135508874	十日恵比須神社 ← in-situ founding
Q11405620	NETWORK	Q715632	千栗八幡宮 ← 宇佐八幡宮
Q11406714	AUTOCHTHONOUS	Q135508874	千葉縣護國神社 ← in-situ founding
Q704967	AUTOCHTHONOUS	Q135508874	南宮大社 ← in-situ founding
Q191763	AUTOCHTHONOUS	Q135508874	厳島神社 ← in-situ founding
Q11410984	AUTOCHTHONOUS	Q135508874	古四王神社 ← in-situ founding
Q500763	NETWORK	Q712824	吉備津彦神社 ← 吉備津神社
Q6404042	TRANSFER	Q712824	吉備津神社 (福山市) ← 吉備津神社
Q712824	AUTOCHTHONOUS	Q135508874	吉備津神社 ← in-situ founding
Q713177	TRANSFER	Q714559	吉田神社 ← 春日大社
Q11414497	TRANSFER	Q3572667	吉野神宮 ← 吉水神社
Q246447	AUTOCHTHONOUS	Q135508874	宇倍神社 ← in-situ founding
Q924940	AUTOCHTHONOUS	Q135508874	宇美八幡宮 ← in-situ founding
Q10946254	AUTOCHTHONOUS	Q135508874	宇都宮二荒山神社 ← in-situ founding
Q11450252	AUTOCHTHONOUS	Q135508874	安仁神社 ← in-situ founding
Q705547	NETWORK	Q11442508	安房神社 ← 天太玉命神社
Q704962	AUTOCHTHONOUS	Q135508874	宗像大社 ← in-situ founding
Q3317296	AUTOCHTHONOUS	Q135508874	宮地嶽神社 ← in-situ founding
Q11453994	AUTOCHTHONOUS	Q135508874	宮城縣護國神社 ← in-situ founding
Q704686	AUTOCHTHONOUS	Q135508874	宮崎神宮 ← in-situ founding
Q653180	AUTOCHTHONOUS	Q135508874	富士山本宮浅間大社 ← in-situ founding
Q11456842	AUTOCHTHONOUS	Q135508874	富山縣護國神社 ← in-situ founding
Q11457276	AUTOCHTHONOUS	Q135508874	富知六所浅間神社 ← in-situ founding
Q10863796	TRANSFER	Q130456565	一之宮貫前神社 ← 咲前神社
Q11355207	AUTOCHTHONOUS	Q135508874	三峯神社 ← in-situ founding
Q650772	TRANSFER	Q703904	三嶋大社 ← 大山祇神社
Q11357857	AUTOCHTHONOUS	Q135508874	三重県護国神社 ← in-situ founding
Q11358960	NETWORK	Q455602	上川神社 ← 天照大神
Q10867478	AUTOCHTHONOUS	Q135508874	上杉神社 ← in-situ founding
Q11364246	TRANSFER	Q135646238	中山神社 ← 吉備中山
Q246370	AUTOCHTHONOUS	Q135508874	丹生川上神社 ← in-situ founding
Q10877366	AUTOCHTHONOUS	Q135508874	丹生川上神社上社 ← in-situ founding
Q10877367	AUTOCHTHONOUS	Q135508874	丹生川上神社下社 ← in-situ founding
Q705154	AUTOCHTHONOUS	Q135508874	丹生都比売神社 ← in-situ founding
Q3342690	AUTOCHTHONOUS	Q135508874	乃木神社 (東京都港区) ← in-situ founding
Q870911	AUTOCHTHONOUS	Q135508874	岐阜護國神社 ← in-situ founding
Q11472363	AUTOCHTHONOUS	Q135508874	岡山県護国神社 ← in-situ founding
Q871375	AUTOCHTHONOUS	Q135508874	岩木山神社 ← in-situ founding
Q11481110	NETWORK	Q11568925	師岡熊野神社 ← 熊野大権現
Q11481193	TRANSFER	Q710826	帯廣神社 ← 札幌神社
Q3530470	AUTOCHTHONOUS	Q135508874	常磐神社 ← in-situ founding
Q11482330	TRANSFER	Q715632	平塚八幡宮 ← 宇佐神宮
Q385141	AUTOCHTHONOUS	Q135508874	平安神宮 ← in-situ founding
Q11483250	NETWORK	Q710098	平濱八幡宮 ← 石清水八幡宮
Q738971	TRANSFER	Q862509	平野神社 ← 平城京
Q11484399	AUTOCHTHONOUS	Q135508874	広峯神社 ← in-situ founding
Q84008	AUTOCHTHONOUS	Q135508874	広島護国神社 ← in-situ founding
Q48744	AUTOCHTHONOUS	Q135508874	寒川神社 ← in-situ founding
Q11457413	TRANSFER	Q710098	寒河江八幡宮 ← 石清水八幡宮
Q11452649	AUTOCHTHONOUS	Q135508874	寳登山神社 ← in-situ founding
Q11458547	NETWORK	Q65320	射楯兵主神社 ← 伊和神社
Q11458557	AUTOCHTHONOUS	Q135508874	射水神社 ← in-situ founding
Q421597	AUTOCHTHONOUS	Q135508874	小国神社 ← in-situ founding
Q11460773	AUTOCHTHONOUS	Q135508874	小御門神社 ← in-situ founding
Q998709	TRANSFER	Q125927189	尾山神社 ← 宇多須神社
Q11465296	AUTOCHTHONOUS	Q135508874	尾張大国霊神社 ← in-situ founding
Q11467121	AUTOCHTHONOUS	Q135508874	山口県護国神社 ← in-situ founding
Q11468583	AUTOCHTHONOUS	Q135508874	山形県護国神社 ← in-situ founding
Q11469919	AUTOCHTHONOUS	Q135508874	山梨縣護國神社 ← in-situ founding
Q172382	UNKNOWN	Q24238356	度津神社 ← Emma, 分霊 page
Q705281	AUTOCHTHONOUS	Q135508874	廣瀬大社 ← in-situ founding
Q1466105	AUTOCHTHONOUS	Q135508874	廣田神社 ← in-situ founding
Q403338	AUTOCHTHONOUS	Q135508874	建部大社 ← in-situ founding
Q195684	AUTOCHTHONOUS	Q135508874	彌彦神社 ← in-situ founding
Q11488762	AUTOCHTHONOUS	Q135508874	御上神社 ← in-situ founding
Q11490717	AUTOCHTHONOUS	Q135508874	忌宮神社 ← in-situ founding
Q11490722	TRANSFER	Q705547	忌部神社 ← Emma, 分霊 page
Q11490845	TRANSFER	Q714828	志和稲荷神社 ← 伏見稲荷大社
Q11491171	AUTOCHTHONOUS	Q135508874	志賀海神社 ← in-situ founding
Q11493796	AUTOCHTHONOUS	Q135508874	愛媛縣護國神社 ← in-situ founding
Q713021	AUTOCHTHONOUS	Q135508874	愛宕神社 ← in-situ founding
Q4696584	AUTOCHTHONOUS	Q135508874	愛知縣護國神社 ← in-situ founding
Q218828	AUTOCHTHONOUS	Q135508874	戸隠神社 ← in-situ founding
Q11497169	AUTOCHTHONOUS	Q135508874	手長神社 ← in-situ founding
Q11499487	AUTOCHTHONOUS	Q135508874	敢國神社 ← in-situ founding
Q106388142	AUTOCHTHONOUS	Q135508874	新屋山神社 ← in-situ founding
Q11503581	AUTOCHTHONOUS	Q135508874	新潟縣護國神社 ← in-situ founding
Q11503757	AUTOCHTHONOUS	Q135508874	新田神社 (薩摩川内市) ← in-situ founding
Q701927	AUTOCHTHONOUS	Q135508874	日光二荒山神社 ← in-situ founding
Q656451	AUTOCHTHONOUS	Q135508874	日吉大社 ← in-situ founding
Q1619446	AUTOCHTHONOUS	Q135508874	日御碕神社 ← in-situ founding
Q702042	TRANSFER	Q11509531	日枝神社 (千代田区) ← 仙波日枝神社
Q11509530	NETWORK	Q11470054	日枝神社 (富山市) ← 山王権現
Q11509681	TRANSFER	Q715632	日牟禮八幡宮 ← 宇佐八幡
Q287165	AUTOCHTHONOUS	Q135508874	明治神宮 ← in-situ founding
Q714559	TRANSFER	Q706499	春日大社 ← 鹿島神宮
Q11513662	TRANSFER	Q714559	春日神社 (大分市) ← 春日大社
Q11515065	AUTOCHTHONOUS	Q135508874	曩祖八幡宮 ← in-situ founding
Q11516052	AUTOCHTHONOUS	Q135508874	月山神社 ← in-situ founding
Q11523682	AUTOCHTHONOUS	Q135508874	来宮神社 ← in-situ founding
Q11524717	TRANSFER	Q687168	東京大神宮 ← 伊勢神宮
Q1384780	AUTOCHTHONOUS	Q135508874	東郷神社 (渋谷区) ← in-situ founding
Q710302	AUTOCHTHONOUS	Q135508874	松尾大社 ← in-situ founding
Q11239221	AUTOCHTHONOUS	Q135508874	松江護國神社 ← in-situ founding
Q32422	AUTOCHTHONOUS	Q135508874	枚岡神社 ← in-situ founding
Q3136198	AUTOCHTHONOUS	Q135508874	枚聞神社 ← in-situ founding
Q195715	TRANSFER	Q715632	柞原八幡宮 ← 宇佐八幡宮
Q11537980	NETWORK	Q261637	桜山八幡宮 ← 八幡大神
Q3541617	AUTOCHTHONOUS	Q135508874	椿大神社 ← in-situ founding
Q11543697	AUTOCHTHONOUS	Q135508874	樽前山神社 ← in-situ founding
Q710333	AUTOCHTHONOUS	Q135508874	橿原神宮 ← in-situ founding
Q865839	TRANSFER	Q11544726	櫛田神社 (福岡市) ← 櫛田神社 (松阪市)
Q11546041	TRANSFER	Q710098	武水別神社 ← 石清水八幡宮
Q402368	AUTOCHTHONOUS	Q135508874	武田神社 ← in-situ founding
Q11547466	AUTOCHTHONOUS	Q135508874	比治山神社 ← in-situ founding
Q11129346	AUTOCHTHONOUS	Q135508874	氣比神宮 ← in-situ founding
Q3200625	AUTOCHTHONOUS	Q135508874	水天宮 (久留米市) ← in-situ founding
Q11548625	NETWORK	Q1190456	水戸東照宮 ← 東照宮
Q705121	AUTOCHTHONOUS	Q135508874	水無瀬神宮 ← in-situ founding
Q11549109	AUTOCHTHONOUS	Q135508874	水若酢神社 ← in-situ founding
Q703633	TRANSFER	Q11528832	氷川神社 ← 杵築大社
Q11549607	NETWORK	Q11549596	氷川神社 (川越市) ← 氷川神
Q11259219	AUTOCHTHONOUS	Q135508874	江島神社 ← in-situ founding
Q11554446	AUTOCHTHONOUS	Q135508874	沼名前神社 ← in-situ founding
Q704636	AUTOCHTHONOUS	Q135508874	波上宮 ← in-situ founding
Q11556056	AUTOCHTHONOUS	Q135508874	津峯神社 ← in-situ founding
Q705136	AUTOCHTHONOUS	Q135508874	津島神社 ← in-situ founding
Q11557476	TRANSFER	Q1071160	浅間神社 (笛吹市) ← 摂社
Q11559098	AUTOCHTHONOUS	Q135508874	海神社 (神戸市) ← in-situ founding
Q11559099	AUTOCHTHONOUS	Q135508874	海神神社 ← in-situ founding
Q11560040	TRANSFER	Q662176	深志神社 ← 北野天満宮
Q713188	AUTOCHTHONOUS	Q135508874	湊川神社 ← in-situ founding
Q335606	NETWORK	Q382005	湯島天満宮 ← 菅原道真
Q11563607	AUTOCHTHONOUS	Q135508874	湯殿山神社 ← in-situ founding
Q11564971	AUTOCHTHONOUS	Q135508874	滋賀縣護國神社 ← in-situ founding
Q11565717	AUTOCHTHONOUS	Q135508874	潮江天満宮 ← in-situ founding
Q11566232	AUTOCHTHONOUS	Q135508874	濱田護國神社 ← in-situ founding
Q3571342	AUTOCHTHONOUS	Q135508874	焼津神社 ← in-situ founding
Q704219	AUTOCHTHONOUS	Q135508874	照国神社 ← in-situ founding
Q11568337	AUTOCHTHONOUS	Q135508874	熊本県護国神社 ← in-situ founding
Q11568887	AUTOCHTHONOUS	Q135508874	熊野大社 ← in-situ founding
Q288312	TRANSFER	Q10403700	熊野神社 (南陽市) ← 熊野三山
Q335618	AUTOCHTHONOUS	Q135508874	熊野速玉大社 ← in-situ founding
Q710359	AUTOCHTHONOUS	Q135508874	熊野那智大社 ← in-situ founding
Q482065	TRANSFER	Q687168	熱田神宮 ← 伊勢神宮
Q11570699	AUTOCHTHONOUS	Q135508874	物部神社 (大田市) ← in-situ founding
Q3472357	AUTOCHTHONOUS	Q135508874	狭野神社 ← in-situ founding
Q11572141	AUTOCHTHONOUS	Q135508874	猿田彦神社 ← in-situ founding
Q3473746	AUTOCHTHONOUS	Q135508874	猿賀神社 ← in-situ founding
Q564302	AUTOCHTHONOUS	Q135508874	玉前神社 ← in-situ founding
Q11572731	AUTOCHTHONOUS	Q135508874	玉祖神社 ← in-situ founding
Q11573763	TRANSFER	Q715632	琴崎八幡宮 ← 宇佐神宮
Q11574477	AUTOCHTHONOUS	Q135508874	生國魂神社 ← in-situ founding
Q11574513	AUTOCHTHONOUS	Q135508874	生島足島神社 ← in-situ founding
Q710086	AUTOCHTHONOUS	Q135508874	生田神社 ← in-situ founding
Q11576656	AUTOCHTHONOUS	Q135508874	田島神社 ← in-situ founding
Q11576978	AUTOCHTHONOUS	Q135508874	田村神社 (高松市) ← in-situ founding
Q11577728	TRANSFER	Q715632	甲宗八幡神社 ← 宇佐八幡宮
Q704702	AUTOCHTHONOUS	Q135508874	白山比咩神社 ← in-situ founding
Q11579595	TRANSFER	Q704702	白山神社 (新潟市中央区一番堀通町) ← 白山比咩神社
Q705635	TRANSFER	Q929682	白峯神宮 ← 讃岐国
Q11581351	TRANSFER	Q710098	盛岡八幡宮 ← 石清水八幡宮
Q705916	AUTOCHTHONOUS	Q135508874	真清田神社 ← in-situ founding
Q11584639	AUTOCHTHONOUS	Q135508874	知立神社 ← in-situ founding
Q708859	TRANSFER	Q11453221	石上神宮 ← 宮中
Q11585337	UNKNOWN	Q24238356	石園座多久虫玉神社 ← Emma, 分霊 page
Q11586369	AUTOCHTHONOUS	Q135508874	石川護国神社 ← in-situ founding
Q710098	TRANSFER	Q715632	石清水八幡宮 ← 宇佐神宮
Q11587273	AUTOCHTHONOUS	Q135508874	石鎚神社 ← in-situ founding
Q3530344	AUTOCHTHONOUS	Q135508874	砥鹿神社 ← in-situ founding
Q251682	TRANSFER	Q714828	祐徳稲荷神社 ← 伏見稲荷大社
Q11590317	TRANSFER	Q687168	神明神社 (福井市) ← 伊勢神宮
Q3192663	TRANSFER	Q687168	神柱宮 ← 伊勢神宮
Q717682	NETWORK	Q696362	神田明神 ← inferred head: 出雲大社
Q11591507	AUTOCHTHONOUS	Q135508874	福井県護国神社 ← in-situ founding
Q11591715	AUTOCHTHONOUS	Q135508874	福井神社 ← in-situ founding
Q11592011	NETWORK	Q261637	福山八幡宮 ← 八幡神
Q11592931	AUTOCHTHONOUS	Q135508874	福岡縣護國神社 ← in-situ founding
Q11593728	AUTOCHTHONOUS	Q135508874	福島縣護國神社 ← in-situ founding
Q11595542	AUTOCHTHONOUS	Q135508874	秋田県護国神社 ← in-situ founding
Q17191063	NETWORK	Q218813	秋田諏訪宮 ← 諏訪大社
Q500413	AUTOCHTHONOUS	Q135508874	秋葉山本宮秋葉神社 ← in-situ founding
Q2963366	AUTOCHTHONOUS	Q135508874	秩父神社 ← in-situ founding
Q11596691	NETWORK	Q1502690	稲毛神社 ← 武甕槌神
Q11597109	AUTOCHTHONOUS	Q135508874	穂高神社 ← in-situ founding
Q11597743	AUTOCHTHONOUS	Q135508874	竈山神社 ← in-situ founding
Q11597744	AUTOCHTHONOUS	Q135508874	竈門神社 ← in-situ founding
Q521319	TRANSFER	Q714828	竹駒神社 ← 伏見稲荷大社
Q704876	NETWORK	Q3080728	笠間稲荷神社 ← 宇迦之御魂命
Q11602876	AUTOCHTHONOUS	Q135508874	筑波山神社 ← in-situ founding
Q714742	TRANSFER	Q11432652	筥崎宮 ← 大分宮
Q11603300	NETWORK	Q719665	箭弓稲荷神社 (東松山市) ← 稲荷
Q705310	AUTOCHTHONOUS	Q135508874	箱根神社 ← in-situ founding
Q705126	AUTOCHTHONOUS	Q135508874	籠神社 ← in-situ founding
Q11606619	AUTOCHTHONOUS	Q135508874	結城神社 ← in-situ founding
Q3313076	AUTOCHTHONOUS	Q135508874	美保神社 ← in-situ founding
Q11609908	AUTOCHTHONOUS	Q135508874	群馬縣護國神社 ← in-situ founding
Q11616187	TRANSFER	Q710359	若一王子神社 ← 熊野那智大社
Q11616255	NETWORK	Q317997	若宮八幡社 (名古屋市中区) ← 応神天皇
Q11616405	AUTOCHTHONOUS	Q135508874	若松恵比須神社 ← in-situ founding
Q11616630	AUTOCHTHONOUS	Q135508874	若狭彦神社 ← in-situ founding
Q11616915	AUTOCHTHONOUS	Q135508874	英彦山神宮 ← in-situ founding
Q11617516	AUTOCHTHONOUS	Q135508874	茨城県護国神社 ← in-situ founding
Q11619342	TRANSFER	Q11453221	菅生石部神社 ← 宮中
Q94317	AUTOCHTHONOUS	Q135508874	菊池神社 (菊池市) ← in-situ founding
Q11623940	AUTOCHTHONOUS	Q135508874	藤島神社 ← in-situ founding
Q167146	TRANSFER	Q710098	藤崎八旛宮 ← 石清水八幡宮
Q705297	AUTOCHTHONOUS	Q135508874	西宮神社 ← in-situ founding
Q195714	AUTOCHTHONOUS	Q135508874	西寒多神社 ← in-situ founding
Q488618	AUTOCHTHONOUS	Q135508874	談山神社 ← in-situ founding
Q218813	AUTOCHTHONOUS	Q135508874	諏訪大社 ← in-situ founding
Q11632526	AUTOCHTHONOUS	Q135508874	護王神社 ← in-situ founding
Q11632782	TRANSFER	Q710098	谷地八幡宮 ← 石清水八幡宮
Q709822	AUTOCHTHONOUS	Q135508874	豊国神社 (京都市) ← in-situ founding
Q11633774	AUTOCHTHONOUS	Q135508874	豊榮神社・野田神社 ← in-situ founding
Q276779	AUTOCHTHONOUS	Q135508874	貴船神社 ← in-situ founding
Q700448	AUTOCHTHONOUS	Q135508874	賀茂別雷神社 ← in-situ founding
Q701620	AUTOCHTHONOUS	Q135508874	賀茂御祖神社 ← in-situ founding
Q712617	AUTOCHTHONOUS	Q135508874	赤間神宮 ← in-situ founding
Q385407	AUTOCHTHONOUS	Q135508874	近江神宮 ← in-situ founding
Q11639721	AUTOCHTHONOUS	Q135508874	速谷神社 ← in-situ founding
Q3541675	AUTOCHTHONOUS	Q135508874	都農神社 ← in-situ founding
Q11644289	AUTOCHTHONOUS	Q135508874	酒列磯前神社 ← in-situ founding
Q11647032	TRANSFER	Q11488964	金峯神社 (鶴岡市) ← 金峯神社
Q11647043	AUTOCHTHONOUS	Q135508874	金崎宮 ← in-situ founding
Q11647974	AUTOCHTHONOUS	Q135508874	金鑚神社 ← in-situ founding
Q84028	TRANSFER	Q2370082	鎮西大社諏訪神社 ← 諏訪神社
Q11652880	AUTOCHTHONOUS	Q135508874	長崎縣護國神社 ← in-situ founding
Q11653283	TRANSFER	Q710098	長浜八幡宮 ← 石清水八幡宮
Q661395	AUTOCHTHONOUS	Q135508874	長田神社 ← in-situ founding
Q11654831	AUTOCHTHONOUS	Q135508874	長野縣護國神社 ← in-situ founding
Q704898	AUTOCHTHONOUS	Q135508874	防府天満宮 ← in-situ founding
Q715639	AUTOCHTHONOUS	Q135508874	阿蘇神社 ← in-situ founding
Q11657692	AUTOCHTHONOUS	Q135508874	阿賀神社 ← in-situ founding
Q11657965	AUTOCHTHONOUS	Q135508874	阿部野神社 ← in-situ founding
Q11659204	AUTOCHTHONOUS	Q135508874	雄山神社 ← in-situ founding
Q11660718	AUTOCHTHONOUS	Q135508874	霊山神社 ← in-situ founding
Q704622	AUTOCHTHONOUS	Q135508874	霧島神宮 ← in-situ founding
Q2857960	TRANSFER	Q715639	青井阿蘇神社 ← 阿蘇神社
Q2857985	AUTOCHTHONOUS	Q135508874	青島神社 ← in-situ founding
Q500368	TRANSFER	Q653180	静岡浅間神社 ← 富士山本宮浅間大社
Q11663686	AUTOCHTHONOUS	Q135508874	靜岡縣護國神社 ← in-situ founding
Q11664502	AUTOCHTHONOUS	Q135508874	須佐神社 (出雲市) ← in-situ founding
Q11282543	AUTOCHTHONOUS	Q135508874	風浪宮 ← in-situ founding
Q11665771	NETWORK	Q261637	飛幡八幡宮 ← 八幡神
Q704865	AUTOCHTHONOUS	Q135508874	飛騨一宮水無神社 ← in-situ founding
Q372380	AUTOCHTHONOUS	Q135508874	香取神宮 ← in-situ founding
Q631373	AUTOCHTHONOUS	Q135508874	香椎宮 ← in-situ founding
Q114593121	AUTOCHTHONOUS	Q135508874	馬場都々古別神社 ← in-situ founding
Q11668370	AUTOCHTHONOUS	Q135508874	駒形神社 ← in-situ founding
Q3514126	AUTOCHTHONOUS	Q135508874	高千穂神社 ← in-situ founding
Q11671498	TRANSFER	Q714828	高橋稲荷神社 ← 伏見稲荷大社
Q11671792	AUTOCHTHONOUS	Q135508874	高津宮 ← in-situ founding
Q3791906	AUTOCHTHONOUS	Q135508874	高瀬神社 ← in-situ founding
Q11672548	AUTOCHTHONOUS	Q135508874	高知縣護國神社 ← in-situ founding
Q715647	AUTOCHTHONOUS	Q135508874	高良大社 ← in-situ founding
Q10855289	AUTOCHTHONOUS	Q135508874	高麗神社 ← in-situ founding
Q11656593	TRANSFER	Q10403700	鬪雞神社 ← 熊野三山
Q11674156	NETWORK	Q261637	鮎貝八幡宮 ← 八幡神
Q11173679	AUTOCHTHONOUS	Q135508874	鳥海山大物忌神社 ← in-situ founding
Q11675030	TRANSFER	Q11173679	鳥海月山両所宮 ← 鳥海山大物忌神社
Q704430	AUTOCHTHONOUS	Q135508874	鵜戸神宮 ← in-situ founding
Q611108	AUTOCHTHONOUS	Q135508874	鷲宮神社 ← in-situ founding
Q11676235	TRANSFER	Q713021	鷲尾愛宕神社 ← 愛宕神社
Q133753	AUTOCHTHONOUS	Q135508874	鹽竈神社 ← in-situ founding
Q11676849	AUTOCHTHONOUS	Q135508874	鹿児島県護国神社 ← in-situ founding
Q704695	AUTOCHTHONOUS	Q135508874	鹿児島神宮 ← in-situ founding
Q706499	AUTOCHTHONOUS	Q135508874	鹿島神宮 ← in-situ founding
Q11677857	AUTOCHTHONOUS	Q135508874	黄金山神社 (石巻市) ← in-situ founding
Q246455	AUTOCHTHONOUS	Q135508874	龍田大社 ← in-situ founding
Q6543779	AUTOCHTHONOUS	Q135508874	四至神 ← in-situ founding
Q17214737	AUTOCHTHONOUS	Q135508874	国津御祖神社 ← in-situ founding
Q18337174	AUTOCHTHONOUS	Q135508874	園相神社 ← in-situ founding
Q11423156	AUTOCHTHONOUS	Q135508874	土宮 ← in-situ founding
Q17224770	AUTOCHTHONOUS	Q135508874	坂手国生神社 ← in-situ founding
Q17228121	AUTOCHTHONOUS	Q135508874	堅田神社 ← in-situ founding
Q17229062	AUTOCHTHONOUS	Q135508874	多岐原神社 ← in-situ founding
Q11431075	NETWORK	Q11633343	多賀宮 ← 外宮
Q17222702	AUTOCHTHONOUS	Q135508874	大土御祖神社 ← in-situ founding
Q17223627	AUTOCHTHONOUS	Q135508874	大山祇神社 (伊勢市) ← in-situ founding
Q17223392	AUTOCHTHONOUS	Q135508874	大水神社 ← in-situ founding
-	AUTOCHTHONOUS	屋乃波比伎神	no subject QID
Q17223513	AUTOCHTHONOUS	Q135508874	山末神社 ← in-situ founding
Q17209206	AUTOCHTHONOUS	Q135508874	川原神社 (伊勢市) ← in-situ founding
-	AUTOCHTHONOUS	川相神社	no subject QID
Q11486118	AUTOCHTHONOUS	Q135508874	度会国御神社 ← in-situ founding
Q11486120	AUTOCHTHONOUS	Q135508874	度会大国玉比賣神社 ← in-situ founding
Q11488906	AUTOCHTHONOUS	Q135508874	御塩殿神社 ← in-situ founding
Q17230412	AUTOCHTHONOUS	Q135508874	御稲御倉 ← in-situ founding
Q17214615	AUTOCHTHONOUS	Q135508874	御船神社 (多気町) ← in-situ founding
Q17211756	AUTOCHTHONOUS	Q135508874	御酒殿神 ← in-situ founding
Q17211721	AUTOCHTHONOUS	Q135508874	御食神社 (伊勢市) ← in-situ founding
-	AUTOCHTHONOUS	大河内神社	no subject QID
Q17222697	AUTOCHTHONOUS	Q135508874	大津神社 (伊勢市) ← in-situ founding
Q135098908	AUTOCHTHONOUS	Q135508874	大間国生神社 ← in-situ founding
Q17227047	AUTOCHTHONOUS	Q135508874	奈良波良神社 ← in-situ founding
Q17222830	AUTOCHTHONOUS	Q135508874	子安神社 (伊勢市) ← in-situ founding
-	AUTOCHTHONOUS	宇治乃奴鬼神社	no subject QID
Q17194122	AUTOCHTHONOUS	Q135508874	宇治山田神社 ← in-situ founding
Q17194134	AUTOCHTHONOUS	Q135508874	宇須乃野神社 ← in-situ founding
-	AUTOCHTHONOUS	宮比神	no subject QID
Q17225978	NETWORK	Q11633343	小俣神社 ← Emma, 分霊 page
Q17224784	AUTOCHTHONOUS	Q135508874	小社神社 ← in-situ founding
Q18336610	AUTOCHTHONOUS	Q135508874	江神社 ← in-situ founding
Q17209232	AUTOCHTHONOUS	Q135508874	河原淵神社 ← in-situ founding
Q17228197	AUTOCHTHONOUS	Q135508874	河原神社 (伊勢市) ← in-situ founding
Q17216185	AUTOCHTHONOUS	Q135508874	津布良神社 ← in-situ founding
Q17215982	AUTOCHTHONOUS	Q135508874	津長神社 ← in-situ founding
Q17213398	AUTOCHTHONOUS	Q135508874	清野井庭神社 ← in-situ founding
Q17225818	AUTOCHTHONOUS	Q135508874	湯田神社 ← in-situ founding
Q17229063	AUTOCHTHONOUS	Q135508874	滝祭神 ← in-situ founding
Q11566292	TRANSFER	-	瀧原宮: 分霊 page ruling is PENDING — nothing emitted
-	TRANSFER	瀧原竝宮	no subject QID
-	AUTOCHTHONOUS	熊淵神社	no subject QID
Q17211291	TRANSFER	Q133753	志宝屋神社 ← 鹽竈神社
Q17212285	AUTOCHTHONOUS	Q135508874	志等美神社 ← in-situ founding
-	AUTOCHTHONOUS	打懸神社	no subject QID
Q11516023	AUTOCHTHONOUS	Q135508874	月夜見宮 ← in-situ founding
Q11516220	UNKNOWN	Q24238356	月讀宮 ← Emma, 分霊 page
-	NETWORK	朝熊御前神社	no subject QID
Q17191186	AUTOCHTHONOUS	Q135508874	朝熊神社 (伊勢市) ← in-situ founding
Q17229533	AUTOCHTHONOUS	Q135508874	朽羅神社 ← in-situ founding
Q17218865	AUTOCHTHONOUS	Q135508874	棒原神社 ← in-situ founding
Q11544511	AUTOCHTHONOUS	Q135508874	機殿神社 ← in-situ founding
-	AUTOCHTHONOUS	毛理神社	no subject QID
Q17226402	TRANSFER	Q11442122	上御井神社 ← 天の真名井
Q17213708	AUTOCHTHONOUS	Q135508874	下御井神社 ← in-situ founding
Q17214144	AUTOCHTHONOUS	Q135508874	久具都比賣神社 ← in-situ founding
-	AUTOCHTHONOUS	井中神社	no subject QID
Q687168	TRANSFER	Q11599947	伊勢神宮 ← 笠縫邑
Q11379372	AUTOCHTHONOUS	Q135508874	伊我理神社 ← in-situ founding
Q10885171	NETWORK	Q9165	伊雑宮 ← 御魂
-	AUTOCHTHONOUS	佐美長御前神社	no subject QID
Q17209205	AUTOCHTHONOUS	Q135508874	佐美長神社 ← in-situ founding
Q11387081	AUTOCHTHONOUS	Q135508874	倭姫宮 ← in-situ founding
Q17225472	AUTOCHTHONOUS	Q135508874	加努弥神社 ← in-situ founding
-	AUTOCHTHONOUS	牟弥乃神社	no subject QID
Q17225991	AUTOCHTHONOUS	Q135508874	狭田国生神社 ← in-situ founding
-	AUTOCHTHONOUS	田上大水御前神社	no subject QID
Q17229120	AUTOCHTHONOUS	Q135508874	田上大水神社 ← in-situ founding
-	NETWORK	田乃家御前神社	no subject QID
Q17212120	NETWORK	Q455602	田乃家神社 ← 天照大御神
Q17211882	AUTOCHTHONOUS	Q135508874	由貴御倉 ← in-situ founding
Q11581011	TRANSFER	Q11599947	皇大神宮 ← 笠縫邑
Q17228423	AUTOCHTHONOUS	Q135508874	神前神社 (伊勢市) ← in-situ founding
Q135186223	AUTOCHTHONOUS	Q135508874	神服織機殿神社 ← in-situ founding
-	AUTOCHTHONOUS	神麻続機殿神社	no subject QID
Q17192448	AUTOCHTHONOUS	Q135508874	粟皇子神社 ← in-situ founding
Q17227983	AUTOCHTHONOUS	Q135508874	興玉神 ← in-situ founding
Q17230799	AUTOCHTHONOUS	Q135508874	若宮神社 (大紀町) ← in-situ founding
Q17228323	AUTOCHTHONOUS	Q135508874	草奈伎神社 ← in-situ founding
-	AUTOCHTHONOUS	荒前神社	no subject QID
Q2859485	AUTOCHTHONOUS	Q135508874	荒祭宮 ← in-situ founding
-	AUTOCHTHONOUS	葦立弖神社	no subject QID
Q17191305	AUTOCHTHONOUS	Q135508874	葭原神社 ← in-situ founding
-	AUTOCHTHONOUS	蚊野御前神社	no subject QID
Q17225745	AUTOCHTHONOUS	Q135508874	蚊野神社 ← in-situ founding
-	NETWORK	許母利神社	no subject QID
Q11633343	TRANSFER	Q11547467	豊受大神宮 ← 比沼麻奈為神社
Q11635561	AUTOCHTHONOUS	Q135508874	赤崎神社 ← in-situ founding
-	AUTOCHTHONOUS	那自賣神社	no subject QID
Q17226516	AUTOCHTHONOUS	Q135508874	鏡宮神社 (伊勢市) ← in-situ founding
Q28693019	TRANSFER	Q11633343	長由介神社 ← 豊受大神宮
Q11665463	UNKNOWN	Q24238356	風宮 ← Emma, 分霊 page
Q11665488	UNKNOWN	Q24238356	風日祈宮 ← Emma, 分霊 page
Q17190840	NETWORK	Q11543776	饗土橋姫神社 ← 橋姫神社
Q17225931	AUTOCHTHONOUS	Q135508874	高河原神社 ← in-situ founding
Q17226760	AUTOCHTHONOUS	Q135508874	鴨下神社 ← in-situ founding
Q17226771	AUTOCHTHONOUS	Q135508874	鴨神社 (玉城町) ← in-situ founding
