Q106852466	fr	sanctuaire de Tōkamori Inari	->	sanctuaire d’Inarimori Inari
Q106852466	id	Kuil Tōkamori Inari	->	Kuil Inarimori Inari
Q106852475	fr	sanctuaire d'Ichigaoka Hachiman	->	sanctuaire d'Ichōgaoka Hachiman
Q106852475	id	Kuil Ichigaoka Hachiman	->	Kuil Ichōgaoka Hachiman
Q106852475	tr	Ichigaoka hachiman-jinja	->	Ichōgaoka Hachiman-jinja
Q11400330	fr	sanctuaire de Katte	->	sanctuaire de Katsute
Q11400330	id	Kuil Katte	->	Kuil Katsute
Q11430652	fr	sanctuaire d’Oonimasumishiritsuhiko	->	sanctuaire d’Ōnimasumishiritsuhiko
Q11430652	id	Kuil Oonimasumishiritsuhiko	->	Kuil Ōnimasumishiritsuhiko
Q11433429	id	Kuil Yamato-Okunitama	->	Kuil Yamato-Ōkunitama
Q11436783	fr	sanctuaire d’Oominakami	->	sanctuaire d’Ōminakami
Q11436783	id	Kuil Oominakami	->	Kuil Ōminakami
Q11447985	fr	sanctuaire d’Harami	->	sanctuaire d’Haraumi
Q11447985	id	Kuil Harami	->	Kuil Haraumi
Q11450246	fr	sanctuaire de Yasui Kompira-gu	->	sanctuaire de Yasui Kompira-gū
Q11450246	id	Kuil Yasui Kompira-gu	->	Kuil Yasui Kompira-gū
Q11450246	tr	Yasui Kompira-gu	->	Yasui Kompira-gū
Q11451841	fr	sanctuaire de Sousayakujin-hachiman	->	sanctuaire de Sōsayakujin-hachiman
Q11451841	id	Kuil Sousayakujin-hachiman	->	Kuil Sōsayakujin-hachiman
Q11457393	fr	sanctuaire de Samugawa	->	sanctuaire de Samukawa
Q11457393	id	Kuil Samugawa	->	Kuil Samukawa
Q11473513	fr	sanctuaire d'Okagagū	->	sanctuaire d'Okada-gū
Q11473513	id	Kuil Okagagū	->	Kuil Okada-gū
Q11475213	fr	sanctuaire d'Iwaneaswa sanzan	->	sanctuaire d'Iwanesawa Sanzan
Q11475213	id	Kuil Iwaneaswa sanzan	->	Kuil Iwanesawa Sanzan
Q11486674	fr	sanctuaire de Takemimakuri	->	sanctuaire de Takemikumari
Q11486674	id	Kuil Takemimakuri	->	Kuil Takemikumari
Q115117373	fr	sanctuaire d'Īzukahikawa	->	sanctuaire d'Iizuka Hikawa
Q115117373	id	Kuil Īzukahikawa	->	Kuil Iizuka Hikawa
Q11539560	fr	sanctuaire de Morjima itsukushima sengen	->	sanctuaire de Morishima Itsukushima Sengen
Q11539560	id	Kuil Morjima itsukushima sengen	->	Kuil Morishima Itsukushima Sengen
Q11558680	fr	sanctuaire d'Uminaka-hachimangū	->	sanctuaire d'Unakami-hachimangū
Q11558680	id	Kuil Uminaka-hachimangū	->	Kuil Unakami-hachimangū
Q11565730	fr	sanctuaire de Shiome Tenman	->	sanctuaire de Shionome Tenman
Q11565730	id	Kuil Shiome Tenman	->	Kuil Shionome Tenman
Q11574829	fr	sanctuaire d'Oushiko	->	sanctuaire d'Ōshiko
Q11574829	id	Kuil Oushiko	->	Kuil Ōshiko
Q11583957	fr	sanctuaire de Yagiri	->	sanctuaire de Yakiri
Q11583957	id	Kuil Yagiri	->	Kuil Yakiri
Q11584226	fr	sanctuaire de Yadome-daijingu	->	sanctuaire de Yadomi-daijingū
Q11584226	id	Kuil Yadome-daijingu	->	Kuil Yadomi-daijingū
Q11585337	fr	sanctuaire d'Iwazononiimasu Takumushitama	->	sanctuaire d'Isononiimasu Takumushitama
Q11585337	id	Kuil Iwazononiimasu Takumushitama	->	Kuil Isononiimasu Takumushitama
Q11589590	fr	sanctuaire de Kounomine	->	sanctuaire de Kōnomine
Q11589590	id	Kuil Kounomine	->	Kuil Kōnomine
Q11597092	fr	sanctuaire d'Hozumori Aso	->	sanctuaire d'Hozumi Aso
Q11597092	id	Kuil Hozumori Aso	->	Kuil Hozumi Aso
Q11611081	fr	sanctuaire de Shoumogu	->	sanctuaire de Shōmogū
Q11611081	id	Kuil Shoumogu	->	Kuil Shōmogū
Q11617049	fr	sanctuaire de Mouke	->	sanctuaire de Mōke
Q11617049	id	Kuil Mouke	->	Kuil Mōke
Q11633342	fr	sanctuaire de Toyōke Daijinja	->	sanctuaire de Toyuke Daijinja
Q11633342	id	Kuil Toyōke Daijinja	->	Kuil Toyuke Daijinja
Q11643225	fr	sanctuaire de Konoura	->	sanctuaire de Kōnoura
Q11643225	id	Kuil Konoura	->	Kuil Kōnoura
Q11676455	fr	sanctuaire de Shigama	->	sanctuaire de Shiogama
Q11676455	id	Kuil Shigama	->	Kuil Shiogama
Q118959173	fr	sanctuaire de Nish-Komatsugawa Suwa	->	sanctuaire de Nishi-Komatsugawa Suwa
Q118959173	id	Kuil Nish-Komatsugawa Suwa	->	Kuil Nishi-Komatsugawa Suwa
Q122314387	fr	sanctuaire de Kitachi Ebisu	->	sanctuaire de Kitaichi Ebisu
Q122314387	id	Kuil Kitachi Ebisu	->	Kuil Kitaichi Ebisu
Q126285710	fr	sanctuaire de Koutari	->	sanctuaire de Kōtari
Q126285710	id	Kuil Koutari	->	Kuil Kōtari
Q134149661	fr	sanctuaire de Nishu-asakusa Hachiman	->	sanctuaire de Nishi-Asakusa Hachiman
Q134149661	id	Kuil Nishu-asakusa Hachiman	->	Kuil Nishi-Asakusa Hachiman
Q134602865	fr	sanctuaire d'Hinōushi	->	sanctuaire d'Hinoōshi
Q134602865	id	Kuil Hinōushi	->	Kuil Hinoōshi
Q134886342	fr	sanctuaire de Mishimātago	->	sanctuaire de Mishima Atago
Q134886342	id	Kuil Mishimātago	->	Kuil Mishima Atago
Q134887266	fr	sanctuaire d'Īzuka	->	sanctuaire d'Iizuka
Q134887266	id	Kuil īzuka	->	Kuil Iizuka
Q134887393	fr	sanctuaire d'Ītama	->	sanctuaire d'Iitama
Q134887393	id	Kuil ītama	->	Kuil Iitama
Q134893150	fr	sanctuaire d'Ootsu Suwa	->	sanctuaire d'Ōtsu Suwa
Q134893150	id	Kuil Ootsu Suwa	->	Kuil Ōtsu Suwa
Q134957836	fr	sanctuaire d'Īmorisengen	->	sanctuaire d'Iimori Sengen
Q134957836	id	Kuil īmorisengen	->	Kuil Iimori Sengen
Q135040450	fr	sanctuaire de Mishimanoisobeno	->	sanctuaire de Mishima Isobe
Q135040450	id	Kuil Mishimanoisobeno	->	Kuil Mishima Isobe
Q135040487	fr	sanctuaire de Woshikino	->	sanctuaire d’Oshiki
Q135040487	id	Kuil Woshikino	->	Kuil Oshiki
Q135260026	fr	sanctuaire de Futāra	->	sanctuaire de Futaara
Q135260026	id	Kuil Futāra	->	Kuil Futaara
Q135260131	fr	sanctuaire d'Heīshi	->	sanctuaire d'Heiishi
Q135260131	id	Kuil Heīshi	->	Kuil Heiishi
Q135260631	fr	sanctuaire d'Īari	->	sanctuaire d'Iiari
Q135260631	id	Kuil īari	->	Kuil Iiari
Q135424927	fr	sanctuaire d'Īdama	->	sanctuaire d'Iidama
Q135424927	id	Kuil īdama	->	Kuil Iidama
Q135424956	fr	sanctuaire d'Ītama	->	sanctuaire d'Iitama
Q135424956	id	Kuil ītama	->	Kuil Iitama
Q135425181	fr	sanctuaire d'Īdama	->	sanctuaire d'Iidama
Q135425181	id	Kuil īdama	->	Kuil Iidama
Q135425225	fr	sanctuaire d'Īdama	->	sanctuaire d'Iidama
Q135425225	id	Kuil īdama	->	Kuil Iidama
Q135425226	fr	sanctuaire d'Ītama	->	sanctuaire d'Iitama
Q135425226	id	Kuil ītama	->	Kuil Iitama
Q135425329	fr	sanctuaire d'Īdama	->	sanctuaire d'Iidama
Q135425329	id	Kuil īdama	->	Kuil Iidama
Q135425370	fr	sanctuaire d'Ītama	->	sanctuaire d'Iitama
Q135425370	id	Kuil ītama	->	Kuil Iitama
Q135425461	fr	sanctuaire d'Īdama	->	sanctuaire d'Iidama
Q135425461	id	Kuil īdama	->	Kuil Iidama
Q135425879	fr	sanctuaire d'Īdama	->	sanctuaire d'Iidama
Q135425879	id	Kuil īdama	->	Kuil Iidama
Q135425941	fr	sanctuaire d'Īdama	->	sanctuaire d'Iidama
Q135425941	id	Kuil īdama	->	Kuil Iidama
Q135433892	fr	sanctuaire d'Īdome	->	sanctuaire d'Iidome
Q135433892	id	Kuil īdome	->	Kuil Iidome
Q135434253	fr	sanctuaire de Morīnazuma	->	sanctuaire de Mori Inazuma
Q135434253	id	Kuil Morīnazuma	->	Kuil Mori Inazuma
Q135462874	fr	Sanctuaire d'Oyamazumi	->	Sanctuaire d'Ōyamazumi
Q135462874	id	Kuil Oyamazumi	->	Kuil Ōyamazumi
Q135462993	fr	Sanctuaire d'Oyamazumi	->	Sanctuaire d'Ōyamazumi
Q135462993	id	Kuil Oyamazumi	->	Kuil Ōyamazumi
Q17194122	fr	sanctuaire d'Ujōda	->	sanctuaire d'Ujiyōda
Q17194122	id	Kuil Ujōda	->	Kuil Ujiyōda
Q17220848	fr	sanctuaire de Karai	->	sanctuaire d’Honoikazuchi
Q17220848	id	Kuil Karai	->	Kuil Honoikazuchi
Q19841356	fr	sanctuaire d'Housono	->	sanctuaire d'Hōsono
Q19841356	id	Kuil Housono	->	Kuil Hōsono
Q22117916	fr	sanctuaire d'Inasaki	->	sanctuaire d'Inakuma
Q22117916	id	Kuil Inasaki	->	Kuil Inakuma
Q22119431	fr	sanctuaire d'Hikida	->	sanctuaire de Tsukudanimasu Hitokotoneko
Q22119431	id	Kuil hikida	->	Kuil Tsukudanimasu Hitokotoneko
Q24862031	fr	sanctuaire de Yahoshi-hachimangū	->	sanctuaire de Yagoshi-hachimangū
Q24862031	id	Kuil Yahoshi-hachimangū	->	Kuil Yagoshi-hachimangū
Q24864032	fr	sanctuaire d'Horīde	->	sanctuaire d'Horiide
Q24864032	id	Kuil Horīde	->	Kuil Horiide
Q30925653	fr	sanctuaire de Taimasan	->	sanctuaire d’Ōasayama
Q30925653	id	Kuil Taimasan	->	Kuil Ōasayama
Q3473746	de	Saruka Schrein	->	Saruga Schrein
Q3473746	fr	Saruka-jinja	->	Saruga-jinja
Q3473746	id	Kuil Saruka	->	Kuil Saruga
Q48763725	fr	sanctuaire de Minushi	->	sanctuaire de Mizushi
Q48763725	id	Kuil Minushi	->	Kuil Mizushi
Q54153251	fr	sanctuaire d'Ichihara Inari	->	sanctuaire d'Ichibara Inari
Q54153251	id	Kuil Ichihara Inari	->	Kuil Ichibara Inari
Q54153286	fr	sanctuaire de Kumano-tenmansha	->	sanctuaire de Maeno Tenmansha
Q54153286	id	Kuil Kumano-tenmansha	->	Kuil Maeno Tenmansha
Q55540317	fr	sanctuaire d'Ōmunaji	->	sanctuaire d'Ōnamuji
Q55540317	id	Kuil Ōmunaji	->	Kuil Ōnamuji
Q56061879	fr	sanctuaire d'Ooishi	->	sanctuaire d'Ōishi
Q56061879	id	Kuil Ooishi	->	Kuil Ōishi
Q65292740	fr	sanctuaire de Suwāzuki	->	sanctuaire de Suwaazuki
Q65292740	id	Kuil Suwāzuki	->	Kuil Suwaazuki
Q84929833	fr	sanctuaire d'Otata-neko	->	sanctuaire d'Ōtadaneko
Q84929833	id	Kuil Otata-neko	->	Kuil Ōtadaneko
Q97310667	fr	sanctuaire de Yamato Hachiman	->	sanctuaire de Yamatochō Hachiman
Q97310667	id	Kuil Yamato Hachiman	->	Kuil Yamatochō Hachiman
Q97310667	tr	Yamato hachiman-jinja	->	Yamatochō Hachiman-jinja
Q97754579	fr	sanctuaire de Kibune Shinmeisha	->	sanctuaire de Kifune Shinmeisha
Q97754579	id	Kuil Kibune Shinmeisha	->	Kuil Kifune Shinmeisha
Q22119431	en	ALIAS ADDED	->	Hikida Shrine
Q22119431	fr	ALIAS ADDED	->	sanctuaire d’Hikida
Q22119431	id	ALIAS ADDED	->	Kuil Hikida
