[2026-03-20 20:54:15 UTC] [ERROR] generate_p11250_quickstatements: Failed to fetch P11250 for Q135289776: 404 Client Error: Not Found for url: https://www.wikidata.org/wiki/Special:EntityData/Q135289776.json
[2026-03-21 00:27:49 UTC] [ERROR] generate_p11250_quickstatements: Failed to fetch P11250 for Q135289776: 404 Client Error: Not Found for url: https://www.wikidata.org/wiki/Special:EntityData/Q135289776.json
[2026-03-21 19:54:18 UTC] [ERROR] generate_p11250_quickstatements: Failed to fetch P11250 for Q135289776: 404 Client Error: Not Found for url: https://www.wikidata.org/wiki/Special:EntityData/Q135289776.json
[2026-03-21 20:36:07 UTC] [ERROR] generate_p11250_quickstatements: Failed to fetch P11250 for Q135289776: 404 Client Error: Not Found for url: https://www.wikidata.org/wiki/Special:EntityData/Q135289776.json
[2026-03-22 01:20:38 UTC] [ERROR] generate_p11250_quickstatements: Failed to fetch P11250 for Q135289776: 404 Client Error: Not Found for url: https://www.wikidata.org/wiki/Special:EntityData/Q135289776.json
[2026-03-22 20:05:03 UTC] [ERROR] generate_p11250_quickstatements: Failed to fetch P11250 for Q135289776: 404 Client Error: Not Found for url: https://www.wikidata.org/wiki/Special:EntityData/Q135289776.json
[2026-03-23 01:22:32 UTC] [ERROR] generate_p11250_quickstatements: Failed to fetch P11250 for Q135289776: 404 Client Error: Not Found for url: https://www.wikidata.org/wiki/Special:EntityData/Q135289776.json
[2026-03-23 19:25:46 UTC] [ERROR] generate_p11250_quickstatements: Failed to fetch P11250 for Q135289776: 404 Client Error: Not Found for url: https://www.wikidata.org/wiki/Special:EntityData/Q135289776.json
[2026-03-23 20:34:27 UTC] [ERROR] generate_p11250_quickstatements: Failed to fetch P11250 for Q135289776: 404 Client Error: Not Found for url: https://www.wikidata.org/wiki/Special:EntityData/Q135289776.json
[2026-03-23 21:24:57 UTC] [ERROR] generate_p11250_quickstatements: Failed to fetch P11250 for Q135289776: 404 Client Error: Not Found for url: https://www.wikidata.org/wiki/Special:EntityData/Q135289776.json
[2026-03-23 22:02:46 UTC] [ERROR] generate_p11250_quickstatements: Failed to fetch P11250 for Q135289776: 404 Client Error: Not Found for url: https://www.wikidata.org/wiki/Special:EntityData/Q135289776.json
[2026-03-24 18:14:45 UTC] [ERROR] generate_p11250_quickstatements: Failed to fetch P11250 for Q135289776: 404 Client Error: Not Found for url: https://www.wikidata.org/wiki/Special:EntityData/Q135289776.json
[2026-03-24 19:41:47 UTC] [ERROR] generate_p11250_quickstatements: Failed to fetch P11250 for Q135289776: 404 Client Error: Not Found for url: https://www.wikidata.org/wiki/Special:EntityData/Q135289776.json
[2026-03-24 21:00:15 UTC] [ERROR] generate_p11250_quickstatements: Failed to fetch P11250 for Q135289776: 404 Client Error: Not Found for url: https://www.wikidata.org/wiki/Special:EntityData/Q135289776.json
[2026-03-24 21:58:54 UTC] [ERROR] generate_p11250_quickstatements: Failed to fetch P11250 for Q135289776: 404 Client Error: Not Found for url: https://www.wikidata.org/wiki/Special:EntityData/Q135289776.json
[2026-03-25 00:08:38 UTC] [ERROR] generate_p11250_quickstatements: Failed to fetch P11250 for Q135289776: 404 Client Error: Not Found for url: https://www.wikidata.org/wiki/Special:EntityData/Q135289776.json
[2026-03-25 02:24:09 UTC] [ERROR] generate_p11250_quickstatements: Failed to fetch P11250 for Q135289776: 404 Client Error: Not Found for url: https://www.wikidata.org/wiki/Special:EntityData/Q135289776.json
[2026-03-25 05:33:17 UTC] [ERROR] generate_p11250_quickstatements: Failed to fetch P11250 for Q135289776: 404 Client Error: Not Found for url: https://www.wikidata.org/wiki/Special:EntityData/Q135289776.json
[2026-03-25 07:53:02 UTC] [ERROR] generate_p11250_quickstatements: Failed to fetch P11250 for Q135289776: 404 Client Error: Not Found for url: https://www.wikidata.org/wiki/Special:EntityData/Q135289776.json
[2026-03-26 02:26:53 UTC] [ERROR] generate_p11250_quickstatements: Failed to fetch P11250 for Q135289776: 404 Client Error: Not Found for url: https://www.wikidata.org/wiki/Special:EntityData/Q135289776.json
[2026-03-26 03:56:38 UTC] [ERROR] generate_p11250_quickstatements: Failed to fetch P11250 for Q135289776: 404 Client Error: Not Found for url: https://www.wikidata.org/wiki/Special:EntityData/Q135289776.json
[2026-03-26 15:43:56 UTC] [ERROR] generate_p11250_quickstatements: Failed to fetch P11250 for Q135289776: 404 Client Error: Not Found for url: https://www.wikidata.org/wiki/Special:EntityData/Q135289776.json
[2026-03-26 17:38:05 UTC] [ERROR] generate_p11250_quickstatements: Failed to fetch P11250 for Q135289776: 404 Client Error: Not Found for url: https://www.wikidata.org/wiki/Special:EntityData/Q135289776.json
[2026-03-27 01:43:49 UTC] [ERROR] generate_p11250_quickstatements: Failed to fetch P11250 for Q135289776: 404 Client Error: Not Found for url: https://www.wikidata.org/wiki/Special:EntityData/Q135289776.json
[2026-05-09 07:44:55 UTC] [ERROR] generate_p11250_quickstatements: SPARQL query failed: 502 Server Error: Bad Gateway for url: https://query.wikidata.org/sparql
[2026-05-09 07:47:11 UTC] [FATAL] generate_p6262_quickstatements: 429 Too Many Requests from https://query.wikidata.org/sparql — terminating immediately
[2026-05-09 07:48:15 UTC] [ERROR] generate_en_labels_quickstatements: SPARQL query failed: Response ended prematurely
[2026-05-09 10:42:40 UTC] [FATAL] generate_p11250_quickstatements: 429 Too Many Requests from https://query.wikidata.org/sparql — terminating immediately
[2026-05-09 10:44:40 UTC] [ERROR] generate_p6262_quickstatements: SPARQL query failed: 504 Server Error: Gateway Timeout for url: https://query.wikidata.org/sparql
[2026-05-09 10:45:21 UTC] [ERROR] generate_en_labels_quickstatements: SPARQL query failed: 502 Server Error: Bad Gateway for url: https://query.wikidata.org/sparql
[2026-05-09 18:51:20 UTC] [FATAL] generate_p11250_quickstatements: 429 Too Many Requests from https://query.wikidata.org/sparql — terminating immediately
[2026-05-10 13:31:27 UTC] [ERROR] generate_p6262_quickstatements: SPARQL query failed: 504 Server Error: Gateway Timeout for url: https://query.wikidata.org/sparql
[2026-05-11 06:09:49 UTC] [ERROR] generate_p11250_quickstatements: SPARQL query failed: 503 Server Error: Backend fetch failed for url: https://query.wikidata.org/sparql
[2026-05-11 06:11:18 UTC] [ERROR] generate_p6262_quickstatements: SPARQL query failed: 504 Server Error: Gateway Timeout for url: https://query.wikidata.org/sparql
[2026-05-14 06:40:51 UTC] [ERROR] generate_p6262_quickstatements: Unhandled exception:
Traceback (most recent call last):
  File "/home/runner/work/shintowiki-scripts/shintowiki-scripts/shinto_miraheze/generate_p6262_quickstatements.py", line 426, in <module>
    main()
  File "/home/runner/work/shintowiki-scripts/shintowiki-scripts/shinto_miraheze/generate_p6262_quickstatements.py", line 284, in main
    from shinto_miraheze.orchestrators.ops.fandom_mirror import (
ModuleNotFoundError: No module named 'shinto_miraheze'

[2026-05-14 18:20:31 UTC] [ERROR] generate_p6262_quickstatements: Unhandled exception:
Traceback (most recent call last):
  File "/home/runner/work/shintowiki-scripts/shintowiki-scripts/shinto_miraheze/generate_p6262_quickstatements.py", line 426, in <module>
    main()
  File "/home/runner/work/shintowiki-scripts/shintowiki-scripts/shinto_miraheze/generate_p6262_quickstatements.py", line 284, in main
    from shinto_miraheze.orchestrators.ops.fandom_mirror import (
ModuleNotFoundError: No module named 'shinto_miraheze'

[2026-05-14 23:37:43 UTC] [ERROR] generate_p6262_quickstatements: Unhandled exception:
Traceback (most recent call last):
  File "/home/runner/work/shintowiki-scripts/shintowiki-scripts/shinto_miraheze/generate_p6262_quickstatements.py", line 426, in <module>
    main()
  File "/home/runner/work/shintowiki-scripts/shintowiki-scripts/shinto_miraheze/generate_p6262_quickstatements.py", line 284, in main
    from shinto_miraheze.orchestrators.ops.fandom_mirror import (
ModuleNotFoundError: No module named 'shinto_miraheze'

[2026-05-15 04:48:45 UTC] [ERROR] generate_p6262_quickstatements: Unhandled exception:
Traceback (most recent call last):
  File "/home/runner/work/shintowiki-scripts/shintowiki-scripts/shinto_miraheze/generate_p6262_quickstatements.py", line 426, in <module>
    main()
  File "/home/runner/work/shintowiki-scripts/shintowiki-scripts/shinto_miraheze/generate_p6262_quickstatements.py", line 284, in main
    from shinto_miraheze.orchestrators.ops.fandom_mirror import (
ModuleNotFoundError: No module named 'shinto_miraheze'

[2026-05-15 10:28:35 UTC] [ERROR] generate_p6262_quickstatements: Unhandled exception:
Traceback (most recent call last):
  File "/home/runner/work/shintowiki-scripts/shintowiki-scripts/shinto_miraheze/generate_p6262_quickstatements.py", line 426, in <module>
    main()
  File "/home/runner/work/shintowiki-scripts/shintowiki-scripts/shinto_miraheze/generate_p6262_quickstatements.py", line 284, in main
    from shinto_miraheze.orchestrators.ops.fandom_mirror import (
ModuleNotFoundError: No module named 'shinto_miraheze'

[2026-05-15 16:54:15 UTC] [ERROR] generate_p6262_quickstatements: Unhandled exception:
Traceback (most recent call last):
  File "/home/runner/work/shintowiki-scripts/shintowiki-scripts/shinto_miraheze/generate_p6262_quickstatements.py", line 426, in <module>
    main()
  File "/home/runner/work/shintowiki-scripts/shintowiki-scripts/shinto_miraheze/generate_p6262_quickstatements.py", line 284, in main
    from shinto_miraheze.orchestrators.ops.fandom_mirror import (
ModuleNotFoundError: No module named 'shinto_miraheze'

[2026-05-17 04:21:44 UTC] [ERROR] generate_p11250_quickstatements: SPARQL query failed: Unterminated string starting at: line 160338 column 9 (char 3945595)
[2026-05-17 16:21:53 UTC] [ERROR] generate_p6262_quickstatements: SPARQL query failed: 502 Server Error: Bad Gateway for url: https://query.wikidata.org/sparql
[2026-05-19 04:28:07 UTC] [ERROR] generate_p11250_quickstatements: SPARQL query failed: Expecting property name enclosed in double quotes: line 150755 column 3 (char 3708245)
[2026-05-21 10:20:46 UTC] [ERROR] generate_p11250_quickstatements: SPARQL query failed: 502 Server Error: Bad Gateway for url: https://query.wikidata.org/sparql
[2026-05-23 08:59:07 UTC] [ERROR] generate_p11250_quickstatements: SPARQL query failed: Invalid control character at: line 109772 column 52 (char 2701059)
[2026-05-23 09:00:10 UTC] [ERROR] generate_p6262_quickstatements: SPARQL query failed: 502 Server Error: Bad Gateway for url: https://query.wikidata.org/sparql
