Q106836600	LABEL	Eiyo-ji Temple
Q110994004	LABEL	Enkei-ji Temple
Q111821779	LABEL	Sontai-ji Temple
Q113458379	LABEL	Dairin-ji Temple
Q11388393	LABEL	Kotoku-ji Temple
Q113995791	LABEL	Giun-in Temple
Q11424648	LABEL	Jifuku-ji Temple
Q11426261	LABEL	Joko-ji Temple
Q11481638	LABEL	Josan-ji Temple
Q11489544	LABEL	Tokuen-ji Temple
Q115148283	LABEL	Zento-ji Temple
Q11521046	LABEL	Honken-ji Temple
Q11528046	LABEL	Tosho-ji Temple
Q11545650	LABEL	Shogaku-in Temple
Q11574850	LABEL	Shoren-ji Temple
Q11656524	LABEL	Akaidake Yakushi Temple
Q11679292	LABEL	Ryugen-ji Temple
Q119928385	LABEL	Hotoku-ji Temple
Q128866506	LABEL	Jukyo-ji Temple
Q134595295	SKIP	reading unsourceable without external access
Q135566277	LABEL	Shogan-ji Temple
Q137675136	LABEL	Hataki Shrine
Q29407975	LABEL	Gyokuren-ji Temple
Q30926025	LABEL	Ryuso-ji Temple
Q30932887	LABEL	Myoryo-ji Temple
Q30933385	LABEL	Shaei-ji Temple
Q41692616	LABEL	Gensho-ji Temple
Q43593624	LABEL	Gen'yu-ji Temple
Q43594003	LABEL	Gugyo-ji Temple
Q43594392	LABEL	Myohokke-ji Temple
Q54152977	LABEL	Tennyu-ji Temple
Q55539309	LABEL	Kotoku-ji Temple
Q56347832	LABEL	Eisho-ji Temple
Q56777528	LABEL	Shogen-ji Temple
Q59208948	LABEL	Koryu-ji Temple
Q97195731	LABEL	Zomyo-in Temple
Q97196797	LABEL	Shozen-ji Temple
Q97200345	LABEL	Fukuju-in Temple
Q97207948	LABEL	Jiho-ji Temple
Q97341879	LABEL	Kaiho-ji Temple
Q135459137	SKIP	cannot access research sources (jawiki/official site/Kokugakuin) to verify reading
